[manus.im/index.html]
[backblue.gif]
[fade.gif]
[index.html]
[manus.im/team.html]
[manus.im/pricing.html]
[manus.im/index2ab3.html]
[manus.im/features/webapp.html]
[manus.im/tools/ai-design.html]
[events.manus.im/index.html]
[manus.im/tools/nano-banana-pro-slides.html]
[manus.im/tools/ai-image-generator.html]
[manus.im/tools/ai-music-generator.html]
[manus.im/features/manus-browser-operator]
[manus.im/features/wide-research]
[manus.im/features/mail]
[manus.im/integrations/slack.html]
[manus.im/blog.html]
[manus.im/docs/introduction/welcome.html]
[manus.im/updates.html]
[manus.im/startups]
[manus.im/playbook.html]
[trust.manus.im/index.html]
[manus.im/brand]
[manus.im/fellows.html]
[manus.im/compare/vs-chatgpt]
[manus.im/compare/lovable]
[manus.im/compare/manus-vs-replit.html]
[manus.im/desktop.html]
[help.manus.im/en/articles/12807937-where-can-i-enable-subscribe-to-a-single-sign-on-sso-subscription-for-manus-team.html]
[manus.im/about.html]
[manus.im/terms.html]
[manus.im/privacy.html]
[manus.im/favicon.ico]
[manus.im/icon3226.png]
[manus.im/index.html]
[manus.im/apple-icon138f.png]
[manus.im/index2ab3.html]
[events.manus.im/index.html]
[manus.im/team.html]
[manus.im/pricing.html]
[manus.im/features/webapp.html]
[manus.im/tools/ai-design.html]
[manus.im/tools/nano-banana-pro-slides.html]
[manus.im/tools/ai-image-generator.html]
[manus.im/tools/ai-music-generator.html]
[manus.im/integrations/slack.html]
[manus.im/blog.html]
[manus.im/docs/introduction/welcome.html]
[manus.im/updates.html]
[help.manus.im/index.html]
[trust.manus.im/index.html]
[manus.im/playbook.html]
[manus.im/fellows.html]
[manus.im/compare/manus-vs-replit.html]
[manus.im/desktop.html]
[help.manus.im/en/articles/12807937-where-can-i-enable-subscribe-to-a-single-sign-on-sso-subscription-for-manus-team.html]
[manus.im/about.html]
[manus.im/terms.html]
[manus.im/privacy.html]
[api.manus.im/index.html]
[metrics.manus.im/index.html]
